------------------------------------------------------------
TimeQuest Timing Analyzer Summary
------------------------------------------------------------

Type  : Slow 1200mV 85C Model Setup 'dds_ram:ram1|altsyncram:altsyncram_component|altsyncram_kip3:auto_generated|address_reg_b[0]'
Slack : -11.088
TNS   : -22.121

Type  : Slow 1200mV 85C Model Setup 'pll|altpll_component|auto_generated|pll1|clk[0]'
Slack : -10.872
TNS   : -5582.006

Type  : Slow 1200mV 85C Model Setup 'clk_system'
Slack : -9.040
TNS   : -111.847

Type  : Slow 1200mV 85C Model Setup 'dds_ram_wrclock'
Slack : -3.467
TNS   : -572.012

Type  : Slow 1200mV 85C Model Setup 'clk_dds'
Slack : -3.096
TNS   : -164.086

Type  : Slow 1200mV 85C Model Setup 'dds_step_to_next_freq_sampled'
Slack : -1.783
TNS   : -15.327

Type  : Slow 1200mV 85C Model Hold 'pll|altpll_component|auto_generated|pll1|clk[0]'
Slack : -0.263
TNS   : -0.263

Type  : Slow 1200mV 85C Model Hold 'clk_system'
Slack : 0.454
TNS   : 0.000

Type  : Slow 1200mV 85C Model Hold 'dds_step_to_next_freq_sampled'
Slack : 0.466
TNS   : 0.000

Type  : Slow 1200mV 85C Model Hold 'dds_ram_wrclock'
Slack : 0.644
TNS   : 0.000

Type  : Slow 1200mV 85C Model Hold 'clk_dds'
Slack : 0.655
TNS   : 0.000

Type  : Slow 1200mV 85C Model Hold 'dds_ram:ram1|altsyncram:altsyncram_component|altsyncram_kip3:auto_generated|address_reg_b[0]'
Slack : 1.180
TNS   : 0.000

Type  : Slow 1200mV 85C Model Minimum Pulse Width 'dds_ram_wrclock'
Slack : -3.201
TNS   : -614.592

Type  : Slow 1200mV 85C Model Minimum Pulse Width 'clk_system'
Slack : -1.487
TNS   : -92.194

Type  : Slow 1200mV 85C Model Minimum Pulse Width 'dds_step_to_next_freq_sampled'
Slack : -1.487
TNS   : -17.844

Type  : Slow 1200mV 85C Model Minimum Pulse Width 'dds_ram:ram1|altsyncram:altsyncram_component|altsyncram_kip3:auto_generated|address_reg_b[0]'
Slack : -0.452
TNS   : -4.949

Type  : Slow 1200mV 85C Model Minimum Pulse Width 'clk_dds'
Slack : 3.460
TNS   : 0.000

Type  : Slow 1200mV 85C Model Minimum Pulse Width 'pll|altpll_component|auto_generated|pll1|clk[0]'
Slack : 15.662
TNS   : 0.000

Type  : Slow 1200mV 0C Model Setup 'dds_ram:ram1|altsyncram:altsyncram_component|altsyncram_kip3:auto_generated|address_reg_b[0]'
Slack : -10.609
TNS   : -21.188

Type  : Slow 1200mV 0C Model Setup 'pll|altpll_component|auto_generated|pll1|clk[0]'
Slack : -9.957
TNS   : -4974.372

Type  : Slow 1200mV 0C Model Setup 'clk_system'
Slack : -8.404
TNS   : -100.415

Type  : Slow 1200mV 0C Model Setup 'dds_ram_wrclock'
Slack : -3.267
TNS   : -540.077

Type  : Slow 1200mV 0C Model Setup 'clk_dds'
Slack : -2.816
TNS   : -149.221

Type  : Slow 1200mV 0C Model Setup 'dds_step_to_next_freq_sampled'
Slack : -1.535
TNS   : -13.059

Type  : Slow 1200mV 0C Model Hold 'pll|altpll_component|auto_generated|pll1|clk[0]'
Slack : -0.353
TNS   : -0.353

Type  : Slow 1200mV 0C Model Hold 'clk_system'
Slack : 0.402
TNS   : 0.000

Type  : Slow 1200mV 0C Model Hold 'dds_step_to_next_freq_sampled'
Slack : 0.419
TNS   : 0.000

Type  : Slow 1200mV 0C Model Hold 'clk_dds'
Slack : 0.572
TNS   : 0.000

Type  : Slow 1200mV 0C Model Hold 'dds_ram_wrclock'
Slack : 0.702
TNS   : 0.000

Type  : Slow 1200mV 0C Model Hold 'dds_ram:ram1|altsyncram:altsyncram_component|altsyncram_kip3:auto_generated|address_reg_b[0]'
Slack : 1.066
TNS   : 0.000

Type  : Slow 1200mV 0C Model Minimum Pulse Width 'dds_ram_wrclock'
Slack : -3.201
TNS   : -614.592

Type  : Slow 1200mV 0C Model Minimum Pulse Width 'clk_system'
Slack : -1.487
TNS   : -92.194

Type  : Slow 1200mV 0C Model Minimum Pulse Width 'dds_step_to_next_freq_sampled'
Slack : -1.487
TNS   : -17.844

Type  : Slow 1200mV 0C Model Minimum Pulse Width 'dds_ram:ram1|altsyncram:altsyncram_component|altsyncram_kip3:auto_generated|address_reg_b[0]'
Slack : -0.471
TNS   : -3.898

Type  : Slow 1200mV 0C Model Minimum Pulse Width 'clk_dds'
Slack : 3.351
TNS   : 0.000

Type  : Slow 1200mV 0C Model Minimum Pulse Width 'pll|altpll_component|auto_generated|pll1|clk[0]'
Slack : 15.639
TNS   : 0.000

Type  : Fast 1200mV 0C Model Setup 'pll|altpll_component|auto_generated|pll1|clk[0]'
Slack : -4.814
TNS   : -2382.470

Type  : Fast 1200mV 0C Model Setup 'dds_ram:ram1|altsyncram:altsyncram_component|altsyncram_kip3:auto_generated|address_reg_b[0]'
Slack : -4.456
TNS   : -8.801

Type  : Fast 1200mV 0C Model Setup 'clk_system'
Slack : -3.155
TNS   : -16.013

Type  : Fast 1200mV 0C Model Setup 'clk_dds'
Slack : -1.157
TNS   : -51.364

Type  : Fast 1200mV 0C Model Setup 'dds_ram_wrclock'
Slack : -1.143
TNS   : -181.896

Type  : Fast 1200mV 0C Model Setup 'dds_step_to_next_freq_sampled'
Slack : -0.200
TNS   : -0.693

Type  : Fast 1200mV 0C Model Hold 'pll|altpll_component|auto_generated|pll1|clk[0]'
Slack : 0.022
TNS   : 0.000

Type  : Fast 1200mV 0C Model Hold 'clk_system'
Slack : 0.186
TNS   : 0.000

Type  : Fast 1200mV 0C Model Hold 'dds_step_to_next_freq_sampled'
Slack : 0.195
TNS   : 0.000

Type  : Fast 1200mV 0C Model Hold 'clk_dds'
Slack : 0.326
TNS   : 0.000

Type  : Fast 1200mV 0C Model Hold 'dds_ram_wrclock'
Slack : 0.391
TNS   : 0.000

Type  : Fast 1200mV 0C Model Hold 'dds_ram:ram1|altsyncram:altsyncram_component|altsyncram_kip3:auto_generated|address_reg_b[0]'
Slack : 0.432
TNS   : 0.000

Type  : Fast 1200mV 0C Model Minimum Pulse Width 'dds_ram_wrclock'
Slack : -1.000
TNS   : -192.000

Type  : Fast 1200mV 0C Model Minimum Pulse Width 'clk_system'
Slack : -1.000
TNS   : -62.000

Type  : Fast 1200mV 0C Model Minimum Pulse Width 'dds_step_to_next_freq_sampled'
Slack : -1.000
TNS   : -12.000

Type  : Fast 1200mV 0C Model Minimum Pulse Width 'dds_ram:ram1|altsyncram:altsyncram_component|altsyncram_kip3:auto_generated|address_reg_b[0]'
Slack : -0.069
TNS   : -0.336

Type  : Fast 1200mV 0C Model Minimum Pulse Width 'clk_dds'
Slack : 3.209
TNS   : 0.000

Type  : Fast 1200mV 0C Model Minimum Pulse Width 'pll|altpll_component|auto_generated|pll1|clk[0]'
Slack : 15.746
TNS   : 0.000

------------------------------------------------------------
