C:\Users\katori\Desktop\pulse_sequencer\VHDL_files\Pulser_w_2016_06_10\photon\photon.ngc 1466657647
C:\Users\katori\Desktop\pulse_sequencer\VHDL_files\Pulser_w_2016_06_10\photon/okWireIn.ngc 1465546103
C:\Users\katori\Desktop\pulse_sequencer\VHDL_files\Pulser_w_2016_06_10\photon/okTriggerIn.ngc 1465546103
C:\Users\katori\Desktop\pulse_sequencer\VHDL_files\Pulser_w_2016_06_10\photon/okWireOut.ngc 1465546103
C:\Users\katori\Desktop\pulse_sequencer\VHDL_files\Pulser_w_2016_06_10\photon/okBTPipeIn.ngc 1465546103
C:\Users\katori\Desktop\pulse_sequencer\VHDL_files\Pulser_w_2016_06_10\photon/okBTPipeOut.ngc 1465546103
ipcore_dir/usb_dds_fifo.ngc 1466424652
C:\Users\katori\Desktop\pulse_sequencer\VHDL_files\Pulser_w_2016_06_10\photon/pulse_fifo.ngc 1465546103
C:\Users\katori\Desktop\pulse_sequencer\VHDL_files\Pulser_w_2016_06_10\photon/fifo_photon.ngc 1465546101
C:\Users\katori\Desktop\pulse_sequencer\VHDL_files\Pulser_w_2016_06_10\photon/normal_pmt_fifo.ngc 1465546103
ipcore_dir/readout_count_fifo.ngc 1465546103
C:\Users\katori\Desktop\pulse_sequencer\VHDL_files\Pulser_w_2016_06_10\photon/dds_fifo.ngc 1465546101
C:\Users\katori\Desktop\pulse_sequencer\VHDL_files\Pulser_w_2016_06_10\photon/pulser_ram.ngc 1465546103
C:\Users\katori\Desktop\pulse_sequencer\VHDL_files\Pulser_w_2016_06_10\photon/okCoreHarness.ngc 1465546103
C:\Users\katori\Desktop\pulse_sequencer\VHDL_files\Pulser_w_2016_06_10\photon/TFIFO64x8a_64x8b.ngc 1465546101
OK
