C:\Users\thanedp\Downloads\pulse_sequencer-master\pulse_sequencer-master\VHDL_files\Pulser_w_2015_03_10\photon\photon.ngc 1436759493
C:\Users\thanedp\Downloads\pulse_sequencer-master\pulse_sequencer-master\VHDL_files\Pulser_w_2015_03_10\photon/okWireIn.ngc 1436759492
C:\Users\thanedp\Downloads\pulse_sequencer-master\pulse_sequencer-master\VHDL_files\Pulser_w_2015_03_10\photon/okTriggerIn.ngc 1436759492
C:\Users\thanedp\Downloads\pulse_sequencer-master\pulse_sequencer-master\VHDL_files\Pulser_w_2015_03_10\photon/okWireOut.ngc 1436759492
C:\Users\thanedp\Downloads\pulse_sequencer-master\pulse_sequencer-master\VHDL_files\Pulser_w_2015_03_10\photon/okBTPipeIn.ngc 1436759492
C:\Users\thanedp\Downloads\pulse_sequencer-master\pulse_sequencer-master\VHDL_files\Pulser_w_2015_03_10\photon/okBTPipeOut.ngc 1436759492
C:\Users\thanedp\Downloads\pulse_sequencer-master\pulse_sequencer-master\VHDL_files\Pulser_w_2015_03_10\photon/dds_fifo.ngc 1436759492
C:\Users\thanedp\Downloads\pulse_sequencer-master\pulse_sequencer-master\VHDL_files\Pulser_w_2015_03_10\photon/pulse_fifo.ngc 1436759493
C:\Users\thanedp\Downloads\pulse_sequencer-master\pulse_sequencer-master\VHDL_files\Pulser_w_2015_03_10\photon/fifo_photon.ngc 1436759492
C:\Users\thanedp\Downloads\pulse_sequencer-master\pulse_sequencer-master\VHDL_files\Pulser_w_2015_03_10\photon/normal_pmt_fifo.ngc 1436759492
ipcore_dir/readout_count_fifo.ngc 1436759493
C:\Users\thanedp\Downloads\pulse_sequencer-master\pulse_sequencer-master\VHDL_files\Pulser_w_2015_03_10\photon/pulser_ram.ngc 1436759493
C:\Users\thanedp\Downloads\pulse_sequencer-master\pulse_sequencer-master\VHDL_files\Pulser_w_2015_03_10\photon/okCoreHarness.ngc 1436759492
C:\Users\thanedp\Downloads\pulse_sequencer-master\pulse_sequencer-master\VHDL_files\Pulser_w_2015_03_10\photon/TFIFO64x8a_64x8b.ngc 1436759492
OK
