------------------------------------------------------------
TimeQuest Timing Analyzer Summary
------------------------------------------------------------

Type  : Slow 1200mV 85C Model Setup 'pll|altpll_component|auto_generated|pll1|clk[0]'
Slack : -6.649
TNS   : -3909.771

Type  : Slow 1200mV 85C Model Setup 'dds_ram_wrclock'
Slack : -3.395
TNS   : -559.102

Type  : Slow 1200mV 85C Model Setup 'clk_dds'
Slack : -3.007
TNS   : -165.886

Type  : Slow 1200mV 85C Model Setup 'clk_system'
Slack : -2.752
TNS   : -93.178

Type  : Slow 1200mV 85C Model Setup 'dds_step_to_next_freq_sampled'
Slack : -1.806
TNS   : -15.718

Type  : Slow 1200mV 85C Model Hold 'pll|altpll_component|auto_generated|pll1|clk[0]'
Slack : -0.258
TNS   : -0.258

Type  : Slow 1200mV 85C Model Hold 'clk_system'
Slack : 0.454
TNS   : 0.000

Type  : Slow 1200mV 85C Model Hold 'dds_step_to_next_freq_sampled'
Slack : 0.466
TNS   : 0.000

Type  : Slow 1200mV 85C Model Hold 'dds_ram_wrclock'
Slack : 0.573
TNS   : 0.000

Type  : Slow 1200mV 85C Model Hold 'clk_dds'
Slack : 0.735
TNS   : 0.000

Type  : Slow 1200mV 85C Model Minimum Pulse Width 'dds_ram_wrclock'
Slack : -3.201
TNS   : -614.592

Type  : Slow 1200mV 85C Model Minimum Pulse Width 'clk_system'
Slack : -1.487
TNS   : -92.194

Type  : Slow 1200mV 85C Model Minimum Pulse Width 'dds_step_to_next_freq_sampled'
Slack : -1.487
TNS   : -17.844

Type  : Slow 1200mV 85C Model Minimum Pulse Width 'clk_dds'
Slack : 3.639
TNS   : 0.000

Type  : Slow 1200mV 85C Model Minimum Pulse Width 'pll|altpll_component|auto_generated|pll1|clk[0]'
Slack : 15.659
TNS   : 0.000

Type  : Slow 1200mV 0C Model Setup 'pll|altpll_component|auto_generated|pll1|clk[0]'
Slack : -5.503
TNS   : -3160.149

Type  : Slow 1200mV 0C Model Setup 'dds_ram_wrclock'
Slack : -3.237
TNS   : -527.286

Type  : Slow 1200mV 0C Model Setup 'clk_system'
Slack : -2.763
TNS   : -81.945

Type  : Slow 1200mV 0C Model Setup 'clk_dds'
Slack : -2.754
TNS   : -150.141

Type  : Slow 1200mV 0C Model Setup 'dds_step_to_next_freq_sampled'
Slack : -1.532
TNS   : -13.074

Type  : Slow 1200mV 0C Model Hold 'pll|altpll_component|auto_generated|pll1|clk[0]'
Slack : -0.347
TNS   : -0.347

Type  : Slow 1200mV 0C Model Hold 'clk_system'
Slack : 0.402
TNS   : 0.000

Type  : Slow 1200mV 0C Model Hold 'dds_step_to_next_freq_sampled'
Slack : 0.418
TNS   : 0.000

Type  : Slow 1200mV 0C Model Hold 'dds_ram_wrclock'
Slack : 0.640
TNS   : 0.000

Type  : Slow 1200mV 0C Model Hold 'clk_dds'
Slack : 0.659
TNS   : 0.000

Type  : Slow 1200mV 0C Model Minimum Pulse Width 'dds_ram_wrclock'
Slack : -3.201
TNS   : -614.592

Type  : Slow 1200mV 0C Model Minimum Pulse Width 'clk_system'
Slack : -1.487
TNS   : -92.194

Type  : Slow 1200mV 0C Model Minimum Pulse Width 'dds_step_to_next_freq_sampled'
Slack : -1.487
TNS   : -17.844

Type  : Slow 1200mV 0C Model Minimum Pulse Width 'clk_dds'
Slack : 3.638
TNS   : 0.000

Type  : Slow 1200mV 0C Model Minimum Pulse Width 'pll|altpll_component|auto_generated|pll1|clk[0]'
Slack : 15.633
TNS   : 0.000

Type  : Fast 1200mV 0C Model Setup 'dds_ram_wrclock'
Slack : -1.195
TNS   : -178.919

Type  : Fast 1200mV 0C Model Setup 'clk_dds'
Slack : -0.986
TNS   : -48.593

Type  : Fast 1200mV 0C Model Setup 'clk_system'
Slack : -0.749
TNS   : -8.693

Type  : Fast 1200mV 0C Model Setup 'dds_step_to_next_freq_sampled'
Slack : -0.246
TNS   : -0.942

Type  : Fast 1200mV 0C Model Setup 'pll|altpll_component|auto_generated|pll1|clk[0]'
Slack : -0.059
TNS   : -0.059

Type  : Fast 1200mV 0C Model Hold 'pll|altpll_component|auto_generated|pll1|clk[0]'
Slack : 0.024
TNS   : 0.000

Type  : Fast 1200mV 0C Model Hold 'clk_system'
Slack : 0.123
TNS   : 0.000

Type  : Fast 1200mV 0C Model Hold 'dds_step_to_next_freq_sampled'
Slack : 0.195
TNS   : 0.000

Type  : Fast 1200mV 0C Model Hold 'dds_ram_wrclock'
Slack : 0.363
TNS   : 0.000

Type  : Fast 1200mV 0C Model Hold 'clk_dds'
Slack : 0.396
TNS   : 0.000

Type  : Fast 1200mV 0C Model Minimum Pulse Width 'dds_ram_wrclock'
Slack : -1.000
TNS   : -192.000

Type  : Fast 1200mV 0C Model Minimum Pulse Width 'clk_system'
Slack : -1.000
TNS   : -62.000

Type  : Fast 1200mV 0C Model Minimum Pulse Width 'dds_step_to_next_freq_sampled'
Slack : -1.000
TNS   : -12.000

Type  : Fast 1200mV 0C Model Minimum Pulse Width 'clk_dds'
Slack : 3.209
TNS   : 0.000

Type  : Fast 1200mV 0C Model Minimum Pulse Width 'pll|altpll_component|auto_generated|pll1|clk[0]'
Slack : 15.743
TNS   : 0.000

------------------------------------------------------------
